<html>
<body>
<pre>
<h1>µVision Build Log</h1>
<h2>Tool Versions:</h2>
IDE-Version: µVision V5.16a
Copyright (C) 2015 ARM Ltd and ARM Germany GmbH. All rights reserved.
License Information: MUKESH KS, EVOBI, LIC=Q7GNN-Y5BAF-NSRYQ-NADL6-HPE1V-PYZ1R
 
Tool Versions:
Toolchain:       MDK-ARM Professional  Version: 5.16a
Toolchain Path:  C:\Keil_v5\ARM\ARMCC\Bin
C Compiler:      Armcc.exe V5.06 (build 20)
Assembler:       Armasm.exe V5.06 (build 20)
Linker/Locator:  ArmLink.exe V5.06 (build 20)
Library Manager: ArmAr.exe V5.06 (build 20)
Hex Converter:   FromElf.exe V5.06 (build 20)
CPU DLL:         
Dialog DLL:      
Target DLL:      Segger\JL2CM3.dll V2.99.15.2
Dialog DLL:      TARMCM1.DLL V1.9.0.0
 
<h2>Project:</h2>
F:\mukesh\TASKS\sdk6withdisplay\nrf51822\Board\nrf6310\s110\bibox_hornbill\app_uart_library_example_with_ble\arm\ble_app_uart.uvprojx
Project File Date:  08/26/2016

<h2>Output:</h2>
*** Using Compiler 'V5.06 (build 20)', folder: 'C:\Keil_v5\ARM\ARMCC\Bin'
Rebuild target 'nrf51822_xxaa_s110 (256K)'
assembling arm_startup_nrf51.s...
compiling ble_srv_common.c...
compiling system_nrf51.c...
compiling ble_nus.c...
compiling ble_conn_params.c...
compiling ble_advdata.c...
compiling softdevice_handler.c...
compiling app_timer.c...
compiling main.c...
..\main.c(259): warning:  #188-D: enumerated type mixed with another type
  	nrf_gpio_cfg_input(pin,pull);
..\main.c(122): warning:  #550-D: variable "tx_complete" was set but never used
  static bool tx_complete = false;
..\main.c(180): warning:  #177-D: variable "Ble_data" was declared but never referenced
  static uint8_t code_array[2048],Ble_data[50],Ble_Remote,Bt_Slider;
..\main.c: 3 warnings, 0 errors
compiling ble_debug_assert_handler.c...
compiling app_gpiote.c...
compiling nrf_pwm.c...
compiling nrf_delay.c...
compiling pstorage.c...
compiling winbond_flash.c...
compiling simple_uart.c...
compiling MFRC522.c...
compiling soft_spi.c...
compiling ST7735.c...
compiling max7219.c...
linking...
Program Size: Code=41528 RO-data=14456 RW-data=552 ZI-data=5432  
FromELF: creating hex file...
".\_build\bibox_hornbillv1_3.axf" - 0 Error(s), 3 Warning(s).

<h2>Collection of Component include folders:</h2>
  F:\mukesh\TASKS\sdk6withdisplay\nrf51822\Board\nrf6310\s110\bibox_hornbill\app_uart_library_example_with_ble\arm\RTE
  C:\Keil_v5\ARM\PACK\NordicSemiconductor\nRF_DeviceFamilyPack\8.0.3\Device\Include

<h2>Collection of Component Files used:</h2>
Build Time Elapsed:  00:00:03
</pre>
</body>
</html>
