<html>
<body>
<pre>
<h1>µVision Build Log</h1>
<h2>Tool Versions:</h2>
IDE-Version: µVision V5.16a
Copyright (C) 2015 ARM Ltd and ARM Germany GmbH. All rights reserved.
License Information: MUKESH KS, EVOBI, LIC=----
 
Tool Versions:
Toolchain:       MDK-Lite  Version: 5.16a
Toolchain Path:  C:\Keil_v5\ARM\ARMCC\Bin
C Compiler:      Armcc.exe V5.06 (build 20)
Assembler:       Armasm.exe V5.06 (build 20)
Linker/Locator:  ArmLink.exe V5.06 (build 20)
Library Manager: ArmAr.exe V5.06 (build 20)
Hex Converter:   FromElf.exe V5.06 (build 20)
CPU DLL:         SARMCM3.DLL V5.16a
Dialog DLL:      DARMCM1.DLL V1.12.0.0
Target DLL:      Segger\JL2CM3.dll V2.99.15.2
Dialog DLL:      TARMCM1.DLL V1.9.0.0
 
<h2>Project:</h2>
F:\mukesh\WORKS\sdk6test\sdk6wonderbox\nrf51822\Board\nrf6310\winbond flash\arm\blinky.uvprojx
Project File Date:  03/23/2016

<h2>Output:</h2>
*** Using Compiler 'V5.06 (build 20)', folder: 'C:\Keil_v5\ARM\ARMCC\Bin'
Rebuild target 'nrf51822_xxaa (256K)'
creating preprocessor file for main.c...
creating preprocessor file for ST7735.c...
creating preprocessor file for winbond_flash.c...
..\winbond_flash.c(25): warning:  #29-D: expected an expression
  	#elif
..\winbond_flash.c: 1 warning, 0 errors
compiling main.c...
..\main.c(22): warning:  #161-D: unrecognized #pragma
  #pragma GCC diagnostic ignored "-Wunused-variable"
..\main.c(23): warning:  #161-D: unrecognized #pragma
  #pragma GCC diagnostic ignored "-Wunused-label"
..\main.c(24): warning:  #161-D: unrecognized #pragma
  #pragma GCC diagnostic ignored "-Wunused-but-set-variable"
..\main.c: 3 warnings, 0 errors
compiling ST7735.c...
..\ST7735.c(526): warning:  #177-D: variable "val" was declared but never referenced
  	unsigned char val;
..\ST7735.c(575): warning:  #177-D: variable "val" was declared but never referenced
  	unsigned char val;
..\ST7735.c(651): warning:  #177-D: variable "val" was declared but never referenced
  	unsigned char val;
..\ST7735.c: 3 warnings, 0 errors
creating preprocessor file for simple_uart.c...
compiling winbond_flash.c...
..\winbond_flash.c(25): warning:  #29-D: expected an expression
  	#elif
..\winbond_flash.c: 1 warning, 0 errors
creating preprocessor file for nrf_delay.c...
compiling simple_uart.c...
assembling arm_startup_nrf51.s...
creating preprocessor file for system_nrf51.c...
compiling nrf_delay.c...
compiling system_nrf51.c...
linking...
Program Size: Code=3554 RO-data=702 RW-data=8 ZI-data=4192  
FromELF: creating hex file...
".\_build\blinky_arm.axf" - 0 Error(s), 8 Warning(s).

<h2>Software Packages used:</h2>

Package Vendor: ARM
                http://www.keil.com/pack/ARM.CMSIS.4.4.0.pack
                ARM::CMSIS:CORE:4.2.0
                CMSIS (Cortex Microcontroller Software Interface Standard)
   * Component: CORE Version: 4.2.0

Package Vendor: NordicSemiconductor
                http://developer.nordicsemi.com/nRF51_SDK/pieces/nRF_DeviceFamilyPack/NordicSemiconductor.nRF_DeviceFamilyPack.8.0.3.pack
                NordicSemiconductor::Device:Startup:8.0.3
                Nordic Semiconductor nRF ARM devices Device Family Pack.
   * Component: Startup Version: 8.0.3

<h2>Collection of Component include folders:</h2>
  F:\mukesh\WORKS\sdk6test\sdk6wonderbox\nrf51822\Board\nrf6310\winbond flash\arm\RTE
  C:\Keil_v5\ARM\PACK\ARM\CMSIS\4.4.0\CMSIS\Include
  C:\Keil_v5\ARM\PACK\NordicSemiconductor\nRF_DeviceFamilyPack\8.0.3\Device\Include

<h2>Collection of Component Files used:</h2>

   * Component: ARM::CMSIS:CORE:4.2.0

   * Component: NordicSemiconductor::Device:Startup:8.0.3
      Source file:   Device\Source\arm\arm_startup_nrf51.s
      Source file:   Device\Source\system_nrf51.c
      Include file:  Device\Include\system_nrf51.h
Build Time Elapsed:  00:00:02
</pre>
</body>
</html>
