<html>
<body>
<pre>
<h1>µVision Build Log</h1>
<h2>Tool Versions:</h2>
IDE-Version: µVision V5.16a
Copyright (C) 2015 ARM Ltd and ARM Germany GmbH. All rights reserved.
License Information: MUKESH KS, EVOBI, LIC=Q7GNN-Y5BAF-NSRYQ-NADL6-HPE1V-PYZ1R
 
Tool Versions:
Toolchain:       MDK-ARM Professional  Version: 5.16a
Toolchain Path:  C:\Keil_v5\ARM\ARMCC\Bin
C Compiler:      Armcc.exe V5.06 (build 20)
Assembler:       Armasm.exe V5.06 (build 20)
Linker/Locator:  ArmLink.exe V5.06 (build 20)
Library Manager: ArmAr.exe V5.06 (build 20)
Hex Converter:   FromElf.exe V5.06 (build 20)
CPU DLL:         
Dialog DLL:      
Target DLL:      Segger\JL2CM3.dll V2.99.15.2
Dialog DLL:      TARMCM1.DLL V1.9.0.0
 
<h2>Project:</h2>
F:\mukesh\TASKS\sdk6withdisplay\nrf51822\Board\nrf6310\s110\bibox_hornbill\app_uart_library_example_with_ble\arm\ble_app_uart.uvprojx
Project File Date:  01/19/2017

<h2>Output:</h2>
*** Using Compiler 'V5.06 (build 20)', folder: 'C:\Keil_v5\ARM\ARMCC\Bin'
Build target 'nrf51822_xxaa_s110 (256K)'
compiling main.c...
..\main.c(265): warning:  #188-D: enumerated type mixed with another type
  	nrf_gpio_cfg_input(pin,pull);
..\main.c(125): warning:  #550-D: variable "tx_complete" was set but never used
  static bool tx_complete = false;
]==0x53)&&(code_array[6]==0x45)&&(code_array[7]==0x54))
..\main.c: 3 warnings, 0 errors
linking...
Program Size: Code=41796 RO-data=20912 RW-data=584 ZI-data=5360  
FromELF: creating hex file...
".\_build\bibox_horbill3_3_0.axf" - 0 Error(s), 2 Warning(s).

<h2>Collection of Component include folders:</h2>
  F:\mukesh\TASKS\sdk6withdisplay\nrf51822\Board\nrf6310\s110\bibox_hornbill\app_uart_library_example_with_ble\arm\RTE
  C:\Keil_v5\ARM\PACK\NordicSemiconductor\nRF_DeviceFamilyPack\8.0.3\Device\Include

<h2>Collection of Component Files used:</h2>
Build Time Elapsed:  00:00:01
</pre>
</body>
</html>
