<html>
<body>
<pre>
<h1>µVision Build Log</h1>
<h2>Tool Versions:</h2>
IDE-Version: µVision V5.24.2.0
Copyright (C) 2017 ARM Ltd and ARM Germany GmbH. All rights reserved.
License Information: MUKESH KS, EVOBI, LIC=Q7GNN-Y5BAF-NSRYQ-NADL6-HPE1V-PYZ1R
 
Tool Versions:
Toolchain:       MDK-ARM Professional  Version: 5.24.1
Toolchain Path:  C:\Keil_v5\ARM\ARMCC\Bin
C Compiler:      Armcc.exe V5.06 update 5 (build 528)
Assembler:       Armasm.exe V5.06 update 5 (build 528)
Linker/Locator:  ArmLink.exe V5.06 update 5 (build 528)
Library Manager: ArmAr.exe V5.06 update 5 (build 528)
Hex Converter:   FromElf.exe V5.06 update 5 (build 528)
CPU DLL:         
Dialog DLL:      
Target DLL:      UL2CM3.DLL V1.160.3.0
Dialog DLL:      TARMCM1.DLL V1.13.0.0
 
<h2>Project:</h2>
E:\SREEJITH\OPEN SOURCE\BIBOX_SNIPE\nrf51822\Board\nrf6310\s110\bibox_snipe _FINAL\app_uart_library_example_with_ble\arm\bibox_snipe.uvprojx
Project File Date:  04/21/2018

<h2>Output:</h2>
*** Using Compiler 'V5.06 update 5 (build 528)', folder: 'C:\Keil_v5\ARM\ARMCC\Bin'
Rebuild target 'nrf51822_xxaa_s110 (256K)'
assembling arm_startup_nrf51.s...
compiling ble_srv_common.c...
compiling system_nrf51.c...
compiling ble_nus.c...
compiling ble_advdata.c...
compiling ble_conn_params.c...
compiling softdevice_handler.c...
compiling app_timer.c...
compiling ble_debug_assert_handler.c...
compiling main.c...
..\main.c(472): warning:  #188-D: enumerated type mixed with another type
  	nrf_gpio_cfg_input(pin,pull);
..\main.c(4623): warning:  #111-D: statement is unreachable
  			break;
..\main.c(142): warning:  #550-D: variable "tx_complete"  was set but never used
  static bool tx_complete = false;
..\main.c(7519): warning:  #177-D: function "BisoftEventHandler"  was declared but never referenced
  static void BisoftEventHandler(void )
..\main.c: 4 warnings, 0 errors
compiling nrf_pwm.c...
compiling nrf_delay.c...
compiling pstorage.c...
compiling winbond_flash.c...
compiling simple_uart.c...
compiling MFRC522.c...
compiling ST7735.c...
compiling soft_spi.c...
compiling max7219.c...
compiling mp3module.c...
compiling twi.c...
compiling mma8452.c...
compiling user.c...
compiling timeslot.c...
compiling apds9960.c...
apds9960.c(292): warning:  #186-D: pointless comparison of unsigned integer with zero
      if( (mode >=0) &&( mode <= 6 )) {
apds9960.c: 1 warning, 0 errors
compiling hmc5883.c...
compiling lcd.c...
compiling SEGGER_RTT.c...
compiling mpu6050.c...
compiling SEGGER_RTT_printf.c...
compiling twi_hw_master.c...
linking...
Program Size: Code=47124 RO-data=21964 RW-data=660 ZI-data=6196  
FromELF: creating hex file...
".\_build\bibox_snipe.axf" - 0 Error(s), 5 Warning(s).

<h2>Software Packages used:</h2>

Package Vendor: NordicSemiconductor
                http://developer.nordicsemi.com/nRF51_SDK/pieces/nRF_DeviceFamilyPack/NordicSemiconductor.nRF_DeviceFamilyPack.8.0.3.pack
                NordicSemiconductor.nRF_DeviceFamilyPack.8.0.3
                Nordic Semiconductor nRF ARM devices Device Family Pack.

<h2>Collection of Component include folders:</h2>
  .\RTE\_nrf51822_xxaa_s110__256K_
  C:\Keil_v5\ARM\PACK\NordicSemiconductor\nRF_DeviceFamilyPack\8.0.3\Device\Include

<h2>Collection of Component Files used:</h2>
Build Time Elapsed:  00:00:05
</pre>
</body>
</html>
